Allumettes restantes : 13
R1 prend 3 allumettes.

Allumettes restantes : 10
R2 prend 3 allumettes.

Allumettes restantes : 7
R1 prend 3 allumettes.

Allumettes restantes : 4
R2 prend 3 allumettes.

Allumettes restantes : 1
R1 prend 1 allumette.

R1 perd !
R2 gagne !
